// Jest Snapshot v1, https://goo.gl/fbAQLP

exports[`matches snapshot 1`] = `
<button
  className="terciary"
  data-testid="button"
  disabled={false}
>
  Click me
</button>
`;
